<div>
    <!-- inject-style src="./style.css" -->
    <!-- inject-style src="./style1.css" -->
    <p>Some text</p>
</div>